
packardbell@Abdelkader MINGW64 /c/xampp/htdocs/test/tp/activite ((241295b...))
$ git init
Initialized empty Git repository in C:/xampp/htdocs/test/tp/activite/.git/

packardbell@Abdelkader MINGW64 /c/xampp/htdocs/test/tp/activite (master)
$ git status
On branch master

No commits yet

Untracked files:
  (use "git add <file>..." to include in what will be committed)
        README.txt
        debug.log
        fichier_1.html
        fichier_2.html

nothing added to commit but untracked files present (use "git add" to track)

packardbell@Abdelkader MINGW64 /c/xampp/htdocs/test/tp/activite (master)
$ git add README.txt

packardbell@Abdelkader MINGW64 /c/xampp/htdocs/test/tp/activite (master)
$ git add fichier_1.html

packardbell@Abdelkader MINGW64 /c/xampp/htdocs/test/tp/activite (master)
$ git add fichier_2.html

packardbell@Abdelkader MINGW64 /c/xampp/htdocs/test/tp/activite (master)
$ git status
On branch master

No commits yet

Changes to be committed:
  (use "git rm --cached <file>..." to unstage)
        new file:   README.txt
        new file:   fichier_1.html
        new file:   fichier_2.html

Untracked files:
  (use "git add <file>..." to include in what will be committed)
        debug.log

packardbell@Abdelkader MINGW64 /c/xampp/htdocs/test/tp/activite (master)